// Jest Snapshot v1, https://goo.gl/fbAQLP

exports[`App component renders App 1`] = `
<DocumentFragment>
  <button>
     Load a Quote
  </button>
  <figure>
    <img />
    <figcaption>
       - 
    </figcaption>
  </figure>
</DocumentFragment>
`;
